// Jest Snapshot v1, https://goo.gl/fbAQLP

exports[`TaskListItem.vue renders correct contents 1`] = `<div></div>`;
